// Jest Snapshot v1, https://goo.gl/fbAQLP

exports[`sayHi matches snapshot 1`] = `
Object {
  "type": "SAY_HI",
}
`;
